[33m❯[39m Building...
[32m✔[39m Building...
Application bundle generation failed. [3.938 seconds] - 2026-04-15T11:18:50.811Z

[1m[31m[31mX [41;31m[[41;97mERROR[41;31m][0m [1mNG2011: The component 'Table' appears in 'imports', but is not standalone and cannot be imported directly. It must be imported via an NgModule.[0m [1m[35m[plugin angular-compiler][0m

    src/app/data-table/data-table.ts:17:12:
[37m      17 │   imports: [[32mTable[37m, DatePicker, Card, DecimalPipe, FormsModule],
         ╵             [32m~~~~~[0m

[39m[22m
